Plugins/Plugin_AppV46/AppVForm.xaml.cs:11
Plugins/Plugin_AppV46/AppVForm.xaml-NUC1.cs:11
Plugins/Plugin_CustomTools_AMTTools/AgentActionTool_AMTTools.xaml.cs:5
Plugins/Plugin_Explorer/CustomTools_Explorer.xaml.cs:3
Plugins/Plugin_Explorer/Explorer.xaml.cs:3
Plugins/Plugin_PSScripts/Plugin_PSScripts.xaml.cs:4
Plugins/Plugin_Regedit/AgentActionTool_Regedit.xaml.cs:1
Plugins/Plugin_RemoteTools/AgentActionTool_CMRemote.xaml.cs:1
Plugins/Plugin_RemoteTools/CustomTools_CMRemote.xaml.cs:1
Plugins/Plugin_ResourceExplorer/AgentActionTool_CMRemote.xaml.cs:3
Plugins/Plugin_ResourceExplorer/CustomTools_CMResource.xaml.cs:3
Plugins/Plugin_StatusMessageViewer/AgentActionTool_StatusMessage.xaml.cs:3
Plugins/Plugin_StatusMessageViewer/CustomTools_StatusMessage.xaml.cs:3
sccmclictr.automation/AgentActions.cs:63
sccmclictr.automation/AgentProperties.cs:18
sccmclictr.automation/baseInit.cs:3
sccmclictr.automation/common.cs:1
sccmclictr.automation/Components.cs:1
sccmclictr.automation/DCM.cs:4
sccmclictr.automation/Health.cs:5
sccmclictr.automation/Inventory.cs:5
sccmclictr.automation/LocationServices.cs:1
sccmclictr.automation/Monitoring.cs:4
sccmclictr.automation/Policy.cs:1
sccmclictr.automation/Processes.cs:1
sccmclictr.automation/SCCMAgent.cs:3
sccmclictr.automation/ScheduleDecoding.cs:1
sccmclictr.automation/Services.cs:3
sccmclictr.automation/SoftwareDistribution.cs:23
sccmclictr.automation/WSMan.cs:3
SCCMCliCtrWPF/SCCMCliCtrWPF/Controls/AdvertisementGrid.xaml.cs:7
SCCMCliCtrWPF/SCCMCliCtrWPF/Controls/AgentComponents.xaml.cs:2
SCCMCliCtrWPF/SCCMCliCtrWPF/Controls/AgentSettingItem.xaml.cs:3
SCCMCliCtrWPF/SCCMCliCtrWPF/Controls/ApplicationGrid.xaml.cs:4
SCCMCliCtrWPF/SCCMCliCtrWPF/Controls/CacheGrid.xaml.cs:5
SCCMCliCtrWPF/SCCMCliCtrWPF/Controls/CCMEvalGrid.xaml.cs:3
SCCMCliCtrWPF/SCCMCliCtrWPF/Controls/CollectionVariables.xaml.cs:2
SCCMCliCtrWPF/SCCMCliCtrWPF/Controls/EventMonitoring.xaml.cs:6
SCCMCliCtrWPF/SCCMCliCtrWPF/Controls/ExecHistoryGrid.xaml.cs:5
SCCMCliCtrWPF/SCCMCliCtrWPF/Controls/InstallAgent.xaml.cs:2
SCCMCliCtrWPF/SCCMCliCtrWPF/Controls/InstalledSoftwareGrid.xaml.cs:3
SCCMCliCtrWPF/SCCMCliCtrWPF/Controls/InstallRepair.xaml.cs:2
SCCMCliCtrWPF/SCCMCliCtrWPF/Controls/LogGrid.xaml.cs:1
SCCMCliCtrWPF/SCCMCliCtrWPF/Controls/LogViewer.xaml.cs:8
SCCMCliCtrWPF/SCCMCliCtrWPF/Controls/PowerSettings.xaml.cs:1
SCCMCliCtrWPF/SCCMCliCtrWPF/Controls/ProcessGrid.xaml.cs:3
SCCMCliCtrWPF/SCCMCliCtrWPF/Controls/ServicesGrid.xaml.cs:1
SCCMCliCtrWPF/SCCMCliCtrWPF/Controls/ServiceWindowGrid.xaml.cs:6
SCCMCliCtrWPF/SCCMCliCtrWPF/Controls/SettingsMgmt.xaml.cs:5
SCCMCliCtrWPF/SCCMCliCtrWPF/Controls/SWAllUpdatesGrid.xaml.cs:1
SCCMCliCtrWPF/SCCMCliCtrWPF/Controls/SWStatusGrid.xaml.cs:3
SCCMCliCtrWPF/SCCMCliCtrWPF/Controls/SWUpdatesGrid.xaml.cs:1
SCCMCliCtrWPF/SCCMCliCtrWPF/Controls/WMIBrowser.xaml.cs:4
SCCMCliCtrWPF/SCCMCliCtrWPF/Logs.cs:2
SCCMCliCtrWPF/SCCMCliCtrWPF/MainPage.xaml.cs:28
